[11:11:32 INF] Server running on http://localhost:3000 
[14:13:32 INF] Server running on http://localhost:3000 
[14:13:35 INF] HTTP GET / responded 200 in 869.3967 ms 
[14:13:35 INF] HTTP GET /logo_tam-minh-duc.png responded 304 in 2.2583 ms 
[14:13:35 INF] HTTP GET /favicon.ico responded 404 in 2.9789 ms 
[14:13:36 INF] HTTP GET /cdha responded 200 in 5.8047 ms 
[14:13:36 INF] HTTP GET /logo_tam-minh-duc.png responded 304 in 0.9437 ms 
[14:13:38 INF] HTTP GET /room/A1 responded 200 in 555.2488 ms 
[14:13:38 INF] HTTP GET /logo_tam-minh-duc.png responded 304 in 0.9970 ms 
[14:13:38 INF] HTTP GET /js/displayBoard.js responded 304 in 2.4477 ms 
[14:13:40 INF] HTTP GET /room/A203 responded 200 in 562.6216 ms 
[14:13:40 INF] HTTP GET /logo_tam-minh-duc.png responded 304 in 1.1663 ms 
[14:13:40 INF] HTTP GET /js/displayBoard.js responded 304 in 0.9501 ms 
[14:13:42 INF] HTTP GET /room/B11 responded 200 in 534.8040 ms 
[14:13:42 INF] HTTP GET /logo_tam-minh-duc.png responded 304 in 0.6183 ms 
[14:13:42 INF] HTTP GET /js/displayBoard.js responded 304 in 0.7594 ms 
[14:13:44 INF] HTTP GET /room/B18 responded 200 in 552.9737 ms 
[14:13:44 INF] HTTP GET /logo_tam-minh-duc.png responded 304 in 1.1650 ms 
[14:13:44 INF] HTTP GET /js/displayBoard.js responded 304 in 1.1213 ms 
[14:13:46 INF] HTTP GET /room/B24 responded 200 in 564.8701 ms 
[14:13:46 INF] HTTP GET /logo_tam-minh-duc.png responded 304 in 0.8747 ms 
[14:13:46 INF] HTTP GET /js/displayBoard.js responded 304 in 0.7117 ms 
[14:13:51 INF] HTTP GET /logo_tam-minh-duc.png responded 304 in 0.5023 ms 
[14:13:52 INF] HTTP POST /tts responded 200 in 439.1803 ms 
[14:13:56 INF] HTTP POST /tts responded 200 in 118.6241 ms 
[14:14:02 INF] HTTP POST /tts responded 200 in 230.1707 ms 
[14:14:16 INF] HTTP GET /room/B24 responded 304 in 552.6939 ms 
[14:14:16 INF] HTTP GET /logo_tam-minh-duc.png responded 304 in 0.8631 ms 
[14:14:17 INF] HTTP GET /js/displayBoard.js responded 304 in 1.0700 ms 
[14:14:17 INF] HTTP GET /logo_tam-minh-duc.png responded 304 in 0.7399 ms 
[14:14:32 INF] HTTP GET /room/B14 responded 200 in 585.5771 ms 
[14:14:32 INF] HTTP GET /logo_tam-minh-duc.png responded 304 in 1.3158 ms 
[14:14:32 INF] HTTP GET /js/displayBoard.js responded 304 in 0.6637 ms 
[14:14:34 INF] HTTP GET /logo_tam-minh-duc.png responded 304 in 0.6995 ms 
[14:14:34 INF] HTTP POST /tts responded 200 in 380.6619 ms 
[14:14:38 INF] HTTP POST /tts responded 200 in 116.6010 ms 
[14:14:45 INF] HTTP POST /tts responded 200 in 249.5077 ms 
[14:15:03 INF] HTTP GET /room/B14 responded 304 in 581.5786 ms 
[14:15:03 INF] HTTP GET /logo_tam-minh-duc.png responded 304 in 0.6211 ms 
[14:15:03 INF] HTTP GET /js/displayBoard.js responded 304 in 0.8161 ms 
[14:15:03 INF] HTTP GET /logo_tam-minh-duc.png responded 304 in 0.6476 ms 
[14:15:34 INF] HTTP GET /room/B14 responded 304 in 596.0784 ms 
[14:15:34 INF] HTTP GET /logo_tam-minh-duc.png responded 304 in 1.0002 ms 
[14:15:34 INF] HTTP GET /js/displayBoard.js responded 304 in 0.7341 ms 
[14:15:34 INF] HTTP GET /logo_tam-minh-duc.png responded 304 in 0.6796 ms 
[14:16:05 INF] HTTP GET /room/B14 responded 304 in 655.9138 ms 
[14:16:05 INF] HTTP GET /logo_tam-minh-duc.png responded 304 in 0.8987 ms 
[14:16:05 INF] HTTP GET /js/displayBoard.js responded 304 in 1.2012 ms 
[14:16:05 INF] HTTP GET /logo_tam-minh-duc.png responded 304 in 0.4373 ms 
[14:16:36 INF] HTTP GET /room/B14 responded 304 in 637.0124 ms 
[14:16:36 INF] HTTP GET /logo_tam-minh-duc.png responded 304 in 1.2988 ms 
[14:16:36 INF] HTTP GET /js/displayBoard.js responded 304 in 2.0015 ms 
[14:16:36 INF] HTTP GET /logo_tam-minh-duc.png responded 304 in 0.8387 ms 
[14:17:00 INF] Server running on http://localhost:3000 
[14:17:07 INF] HTTP GET /room/B14 responded 304 in 698.6517 ms 
[14:17:07 INF] HTTP GET /logo_tam-minh-duc.png responded 304 in 2.9269 ms 
[14:17:07 INF] HTTP GET /js/displayBoard.js responded 304 in 4.7975 ms 
[14:17:07 INF] HTTP GET /logo_tam-minh-duc.png responded 304 in 1.2159 ms 
[14:17:09 INF] HTTP GET /logo_tam-minh-duc.png responded 304 in 1.0866 ms 
[14:17:09 INF] HTTP POST /tts responded 200 in 707.2857 ms 
[14:17:17 INF] HTTP GET /room/B14 responded 304 in 572.2652 ms 
[14:17:17 INF] HTTP GET /logo_tam-minh-duc.png responded 304 in 2.2376 ms 
[14:17:17 INF] HTTP GET /js/displayBoard.js responded 304 in 3.3771 ms 
[14:17:17 INF] HTTP GET /logo_tam-minh-duc.png responded 304 in 1.0865 ms 
[14:17:17 INF] HTTP GET /logo_tam-minh-duc.png responded 304 in 0.6591 ms 
[14:17:19 INF] HTTP POST /tts responded 200 in 1749.0103 ms 
[14:17:27 INF] Server running on http://localhost:3000 
[14:17:28 INF] Server running on http://localhost:3000 
[14:17:30 INF] Server running on http://localhost:3000 
[14:17:48 INF] HTTP GET /room/B14 responded 304 in 736.4563 ms 
[14:17:48 INF] HTTP GET /logo_tam-minh-duc.png responded 304 in 2.1498 ms 
[14:17:48 INF] HTTP GET /js/displayBoard.js responded 304 in 1.5351 ms 
[14:17:48 INF] HTTP GET /logo_tam-minh-duc.png responded 304 in 0.7687 ms 
[14:18:19 INF] HTTP GET /room/B14 responded 304 in 564.4418 ms 
[14:18:19 INF] HTTP GET /logo_tam-minh-duc.png responded 304 in 0.9263 ms 
[14:18:19 INF] HTTP GET /js/displayBoard.js responded 304 in 1.4930 ms 
[14:18:19 INF] HTTP GET /logo_tam-minh-duc.png responded 304 in 1.3744 ms 
[14:18:39 INF] Server running on http://localhost:3000 
[14:18:42 INF] HTTP GET /room/B14 responded 304 in 736.5842 ms 
[14:18:42 INF] HTTP GET /logo_tam-minh-duc.png responded 304 in 2.5373 ms 
[14:18:42 INF] HTTP GET /js/displayBoard.js responded 304 in 3.4298 ms 
[14:18:43 INF] HTTP GET /logo_tam-minh-duc.png responded 304 in 0.8631 ms 
[14:18:43 INF] HTTP GET /logo_tam-minh-duc.png responded 304 in 0.7125 ms 
[14:18:44 INF] HTTP POST /tts responded 200 in 351.0559 ms 
[14:18:50 INF] Server running on http://localhost:3000 
[14:18:53 INF] HTTP GET /room/B14 responded 304 in 713.8534 ms 
[14:18:53 INF] HTTP GET /logo_tam-minh-duc.png responded 304 in 2.9753 ms 
[14:18:53 INF] HTTP GET /js/displayBoard.js responded 304 in 4.2565 ms 
[14:18:53 INF] HTTP GET /logo_tam-minh-duc.png responded 304 in 1.0811 ms 
[14:18:54 INF] HTTP GET /logo_tam-minh-duc.png responded 304 in 0.5966 ms 
[14:18:55 INF] HTTP POST /tts responded 200 in 438.0004 ms 
[14:19:19 INF] Server running on http://localhost:3000 
[14:19:22 INF] HTTP GET /room/B14 responded 304 in 669.8048 ms 
[14:19:22 INF] HTTP GET /logo_tam-minh-duc.png responded 304 in 2.0028 ms 
[14:19:22 INF] HTTP GET /js/displayBoard.js responded 304 in 1.5114 ms 
[14:19:22 INF] HTTP GET /logo_tam-minh-duc.png responded 304 in 0.6418 ms 
[14:19:23 INF] HTTP GET /logo_tam-minh-duc.png responded 304 in 0.4932 ms 
[14:19:23 INF] HTTP POST /tts responded 200 in 492.3243 ms 
[14:19:38 INF] Server running on http://localhost:3000 
[14:19:41 INF] HTTP GET /room/B14 responded 304 in 768.3017 ms 
[14:19:41 INF] HTTP GET /logo_tam-minh-duc.png responded 304 in 1.6722 ms 
[14:19:41 INF] HTTP GET /js/displayBoard.js responded 304 in 1.5729 ms 
[14:19:41 INF] HTTP GET /logo_tam-minh-duc.png responded 304 in 0.8337 ms 
[14:19:42 INF] HTTP GET /logo_tam-minh-duc.png responded 304 in 0.7869 ms 
[14:19:43 INF] HTTP POST /tts responded 200 in 467.0675 ms 
[14:19:47 INF] Server running on http://localhost:3000 
[14:19:48 INF] HTTP GET / responded 200 in 550.3011 ms 
[14:19:48 INF] HTTP GET /logo_tam-minh-duc.png responded 304 in 2.3703 ms 
[14:19:49 INF] HTTP POST /tts responded 200 in 678.7195 ms 
[14:19:49 INF] HTTP GET /cdha responded 304 in 7.1590 ms 
[14:19:49 INF] HTTP GET /logo_tam-minh-duc.png responded 304 in 1.9707 ms 
[14:19:53 INF] HTTP GET /room/A1 responded 304 in 519.9367 ms 
[14:19:53 INF] HTTP GET /logo_tam-minh-duc.png responded 304 in 1.0104 ms 
[14:19:53 INF] HTTP GET /js/displayBoard.js responded 304 in 0.7582 ms 
[14:19:55 INF] HTTP GET /room/B4 responded 200 in 477.9772 ms 
[14:19:55 INF] HTTP GET /logo_tam-minh-duc.png responded 304 in 0.8088 ms 
[14:19:55 INF] HTTP GET /js/displayBoard.js responded 304 in 0.7665 ms 
[14:19:57 INF] HTTP GET /room/B27 responded 200 in 501.6011 ms 
[14:19:57 INF] HTTP GET /logo_tam-minh-duc.png responded 304 in 0.8809 ms 
[14:19:57 INF] HTTP GET /js/displayBoard.js responded 304 in 0.6498 ms 
[14:19:59 INF] HTTP GET /room/B24 responded 200 in 607.4801 ms 
[14:19:59 INF] HTTP GET /logo_tam-minh-duc.png responded 304 in 1.3058 ms 
[14:19:59 INF] HTTP GET /js/displayBoard.js responded 304 in 0.7879 ms 
[14:20:01 INF] HTTP GET /logo_tam-minh-duc.png responded 304 in 0.4835 ms 
[14:20:02 INF] HTTP POST /tts responded 200 in 435.8686 ms 
[14:20:30 INF] HTTP GET /room/B24 responded 304 in 662.9981 ms 
[14:20:30 INF] HTTP GET /logo_tam-minh-duc.png responded 304 in 0.7086 ms 
[14:20:30 INF] HTTP GET /js/displayBoard.js responded 304 in 0.8017 ms 
[14:20:30 INF] HTTP GET /logo_tam-minh-duc.png responded 304 in 0.7515 ms 
[14:21:43 INF] HTTP GET /room/A1 responded 304 in 632.5214 ms 
[14:21:43 INF] HTTP GET /logo_tam-minh-duc.png responded 304 in 1.3548 ms 
[14:21:43 INF] HTTP GET /js/displayBoard.js responded 304 in 1.8545 ms 
[14:21:45 INF] HTTP GET /room/B23 responded 200 in 681.3255 ms 
[14:21:45 INF] HTTP GET /logo_tam-minh-duc.png responded 304 in 0.6074 ms 
[14:21:45 INF] HTTP GET /js/displayBoard.js responded 304 in 1.0695 ms 
[14:22:50 INF] Server running on http://localhost:3000 
[14:25:03 INF] HTTP GET /cdha responded 304 in 51.0676 ms 
[14:25:03 INF] HTTP GET /logo_tam-minh-duc.png responded 304 in 1.8199 ms 
[14:25:04 INF] HTTP GET /room/A202 responded 200 in 652.9791 ms 
[14:25:04 INF] HTTP GET /logo_tam-minh-duc.png responded 304 in 1.2395 ms 
[14:25:04 INF] HTTP GET /js/displayBoard.js responded 304 in 2.2204 ms 
[14:25:06 INF] HTTP GET /room/B1 responded 200 in 614.6678 ms 
[14:25:06 INF] HTTP GET /logo_tam-minh-duc.png responded 304 in 1.5508 ms 
[14:25:06 INF] HTTP GET /js/displayBoard.js responded 304 in 3.0452 ms 
[14:25:09 INF] HTTP GET /room/B22 responded 200 in 546.4938 ms 
[14:25:09 INF] HTTP GET /logo_tam-minh-duc.png responded 304 in 0.7485 ms 
[14:25:09 INF] HTTP GET /js/displayBoard.js responded 304 in 0.7441 ms 
[14:25:11 INF] HTTP GET /room/B22 responded 304 in 641.7333 ms 
[14:25:11 INF] HTTP GET /logo_tam-minh-duc.png responded 304 in 0.8505 ms 
[14:25:11 INF] HTTP GET /js/displayBoard.js responded 304 in 0.8669 ms 
[14:25:13 INF] HTTP GET /logo_tam-minh-duc.png responded 304 in 0.6711 ms 
[14:25:13 INF] HTTP POST /tts responded 200 in 644.8155 ms 
[14:25:41 INF] HTTP GET /room/B22 responded 304 in 565.5656 ms 
[14:25:41 INF] HTTP GET /logo_tam-minh-duc.png responded 304 in 0.8234 ms 
[14:25:41 INF] HTTP GET /js/displayBoard.js responded 304 in 0.5077 ms 
[14:25:41 INF] HTTP GET /logo_tam-minh-duc.png responded 304 in 0.4193 ms 
[14:26:13 INF] HTTP GET /room/B22 responded 304 in 532.3450 ms 
[14:26:13 INF] HTTP GET /logo_tam-minh-duc.png responded 304 in 0.5484 ms 
[14:26:13 INF] HTTP GET /js/displayBoard.js responded 304 in 0.6850 ms 
[14:26:13 INF] HTTP GET /logo_tam-minh-duc.png responded 304 in 0.4056 ms 
[14:26:44 INF] HTTP GET /room/B22 responded 304 in 837.8904 ms 
[14:26:44 INF] HTTP GET /logo_tam-minh-duc.png responded 304 in 1.2707 ms 
[14:26:44 INF] HTTP GET /js/displayBoard.js responded 304 in 2.3915 ms 
[14:26:44 INF] HTTP GET /logo_tam-minh-duc.png responded 304 in 0.4873 ms 
[14:27:16 INF] HTTP GET /room/B22 responded 304 in 588.6409 ms 
[14:27:16 INF] HTTP GET /logo_tam-minh-duc.png responded 304 in 1.1015 ms 
[14:27:16 INF] HTTP GET /js/displayBoard.js responded 304 in 0.6229 ms 
[14:27:16 INF] HTTP GET /logo_tam-minh-duc.png responded 304 in 0.8076 ms 
[14:27:47 INF] HTTP GET /room/B22 responded 304 in 554.4697 ms 
[14:27:47 INF] HTTP GET /logo_tam-minh-duc.png responded 304 in 1.3273 ms 
[14:27:47 INF] HTTP GET /js/displayBoard.js responded 304 in 1.9862 ms 
[14:27:47 INF] HTTP GET /logo_tam-minh-duc.png responded 304 in 0.6285 ms 
[14:28:18 INF] HTTP GET /room/B22 responded 304 in 538.6149 ms 
[14:28:18 INF] HTTP GET /logo_tam-minh-duc.png responded 304 in 1.4278 ms 
[14:28:18 INF] HTTP GET /js/displayBoard.js responded 304 in 2.4121 ms 
[14:28:18 INF] HTTP GET /logo_tam-minh-duc.png responded 304 in 0.6337 ms 
