[10:37:13 INF] Server running on http://localhost:3000 
[10:37:15 INF] HTTP GET / responded 200 in 740.8343 ms 
[10:37:15 INF] HTTP GET /public/logo_tam-minh-duc.png responded 404 in 2.4177 ms 
[10:37:15 INF] HTTP GET /favicon.ico responded 404 in 1.0784 ms 
[10:37:21 INF] HTTP GET / responded 304 in 3.2268 ms 
[10:37:21 INF] HTTP GET /public/logo_tam-minh-duc.png responded 404 in 1.1339 ms 
[10:38:22 INF] HTTP GET / responded 200 in 549.0908 ms 
[10:38:22 INF] HTTP GET /logo_tam-minh-duc.png responded 304 in 1.8455 ms 
[10:38:52 INF] HTTP GET /logo_tam-minh-duc.png responded 200 in 3.1542 ms 
[10:38:55 INF] HTTP GET / responded 304 in 502.4137 ms 
[10:38:55 INF] HTTP GET /logo_tam-minh-duc.png responded 304 in 1.0463 ms 
[10:39:06 INF] HTTP GET / responded 200 in 516.7140 ms 
[10:39:06 INF] HTTP GET /logo_tam-minh-duc.png responded 304 in 0.8474 ms 
[10:39:33 INF] HTTP GET / responded 200 in 609.4691 ms 
[10:39:33 INF] HTTP GET /logo_tam-minh-duc.png responded 304 in 0.8710 ms 
[10:39:38 INF] HTTP GET / responded 200 in 2.3898 ms 
[10:39:38 INF] HTTP GET /logo_tam-minh-duc.png responded 304 in 0.7556 ms 
[10:39:40 INF] HTTP GET /room/A202 responded 200 in 2.3917 ms 
[10:40:09 INF] HTTP GET /room/A202 responded 200 in 666.0037 ms 
[10:40:09 INF] HTTP GET /logo_tam-minh-duc.png responded 304 in 0.6036 ms 
[10:40:41 INF] HTTP GET /room/A202 responded 304 in 492.6402 ms 
[10:40:41 INF] HTTP GET /logo_tam-minh-duc.png responded 304 in 0.6191 ms 
[10:41:12 INF] HTTP GET /room/A202 responded 304 in 559.6739 ms 
[10:41:12 INF] HTTP GET /logo_tam-minh-duc.png responded 304 in 1.9508 ms 
[10:41:43 INF] HTTP GET /room/A202 responded 304 in 502.7019 ms 
[10:41:43 INF] HTTP GET /logo_tam-minh-duc.png responded 304 in 0.8432 ms 
[10:41:43 INF] HTTP GET /favicon.ico responded 404 in 0.6816 ms 
[10:41:48 INF] HTTP GET /room/A202 responded 304 in 1.5088 ms 
[10:41:48 INF] HTTP GET /logo_tam-minh-duc.png responded 304 in 0.6194 ms 
[10:41:52 INF] HTTP GET /room/A202 responded 304 in 1.5312 ms 
[10:41:52 INF] HTTP GET /logo_tam-minh-duc.png responded 304 in 0.6912 ms 
[10:41:55 INF] HTTP GET / responded 200 in 465.7804 ms 
[10:41:55 INF] HTTP GET /logo_tam-minh-duc.png responded 304 in 0.6865 ms 
[10:42:13 INF] HTTP GET /room/A204 responded 200 in 563.4775 ms 
[10:42:13 INF] HTTP GET /logo_tam-minh-duc.png responded 304 in 0.8118 ms 
[10:42:40 INF] HTTP GET /room/A204 responded 304 in 614.3361 ms 
[10:42:40 INF] HTTP GET /logo_tam-minh-duc.png responded 304 in 1.0448 ms 
[10:42:58 INF] HTTP GET /room/A204 responded 200 in 571.0751 ms 
[10:42:58 INF] HTTP GET /logo_tam-minh-duc.png responded 304 in 0.8022 ms 
[10:43:07 INF] HTTP GET /room/A204 responded 200 in 1.8463 ms 
[10:43:07 INF] HTTP GET /logo_tam-minh-duc.png responded 304 in 0.5659 ms 
[10:43:38 INF] HTTP GET /room/A204 responded 304 in 533.3141 ms 
[10:43:38 INF] HTTP GET /logo_tam-minh-duc.png responded 304 in 0.6215 ms 
[10:44:09 INF] HTTP GET /room/A204 responded 304 in 548.4405 ms 
[10:44:09 INF] HTTP GET /logo_tam-minh-duc.png responded 304 in 0.7404 ms 
[10:44:40 INF] HTTP GET /room/A204 responded 304 in 524.1065 ms 
[10:44:40 INF] HTTP GET /logo_tam-minh-duc.png responded 304 in 0.8577 ms 
[10:45:11 INF] HTTP GET /room/A204 responded 304 in 522.8267 ms 
[10:45:11 INF] HTTP GET /logo_tam-minh-duc.png responded 304 in 0.8605 ms 
[10:45:42 INF] HTTP GET /room/A204 responded 304 in 505.6724 ms 
[10:45:42 INF] HTTP GET /logo_tam-minh-duc.png responded 304 in 0.6557 ms 
[10:46:12 INF] HTTP GET /room/A204 responded 304 in 504.3070 ms 
[10:46:12 INF] HTTP GET /logo_tam-minh-duc.png responded 304 in 0.6819 ms 
[10:46:44 INF] HTTP GET /room/A204 responded 304 in 519.0315 ms 
[10:46:44 INF] HTTP GET /logo_tam-minh-duc.png responded 304 in 0.7350 ms 
[10:47:15 INF] HTTP GET /room/A204 responded 304 in 567.8162 ms 
[10:47:15 INF] HTTP GET /logo_tam-minh-duc.png responded 304 in 0.8195 ms 
[10:47:46 INF] HTTP GET /room/A204 responded 304 in 740.0623 ms 
[10:47:46 INF] HTTP GET /logo_tam-minh-duc.png responded 304 in 0.5574 ms 
[10:48:17 INF] HTTP GET /room/A204 responded 304 in 560.4212 ms 
[10:48:17 INF] HTTP GET /logo_tam-minh-duc.png responded 304 in 0.6332 ms 
[10:48:48 INF] HTTP GET /room/A204 responded 304 in 607.2645 ms 
[10:48:48 INF] HTTP GET /logo_tam-minh-duc.png responded 304 in 0.7935 ms 
[10:49:19 INF] HTTP GET /room/A204 responded 304 in 473.7402 ms 
[10:49:19 INF] HTTP GET /logo_tam-minh-duc.png responded 304 in 0.6971 ms 
[10:49:50 INF] HTTP GET /room/A204 responded 304 in 411.1731 ms 
[10:49:50 INF] HTTP GET /logo_tam-minh-duc.png responded 304 in 0.6700 ms 
[10:50:21 INF] HTTP GET /room/A204 responded 304 in 547.9710 ms 
[10:50:21 INF] HTTP GET /logo_tam-minh-duc.png responded 304 in 0.7282 ms 
[10:50:52 INF] HTTP GET /room/A204 responded 304 in 520.6854 ms 
[10:50:52 INF] HTTP GET /logo_tam-minh-duc.png responded 304 in 0.6547 ms 
[10:51:23 INF] HTTP GET /room/A204 responded 304 in 515.3640 ms 
[10:51:23 INF] HTTP GET /logo_tam-minh-duc.png responded 304 in 0.6582 ms 
[10:51:54 INF] HTTP GET /room/A204 responded 304 in 609.7953 ms 
[10:51:54 INF] HTTP GET /logo_tam-minh-duc.png responded 304 in 0.5859 ms 
[10:52:25 INF] HTTP GET /room/A204 responded 304 in 534.8525 ms 
[10:52:25 INF] HTTP GET /logo_tam-minh-duc.png responded 304 in 0.7779 ms 
[10:52:56 INF] HTTP GET /room/A204 responded 304 in 537.8367 ms 
[10:52:56 INF] HTTP GET /logo_tam-minh-duc.png responded 304 in 0.5385 ms 
[10:53:27 INF] HTTP GET /room/A204 responded 304 in 453.4176 ms 
[10:53:27 INF] HTTP GET /logo_tam-minh-duc.png responded 304 in 0.6372 ms 
[10:53:58 INF] HTTP GET /room/A204 responded 304 in 604.9290 ms 
[10:53:58 INF] HTTP GET /logo_tam-minh-duc.png responded 304 in 0.5554 ms 
[10:54:29 INF] HTTP GET /room/A204 responded 304 in 516.1965 ms 
[10:54:29 INF] HTTP GET /logo_tam-minh-duc.png responded 304 in 0.5451 ms 
[10:55:00 INF] HTTP GET /room/A204 responded 304 in 583.5118 ms 
[10:55:00 INF] HTTP GET /logo_tam-minh-duc.png responded 304 in 0.4668 ms 
[10:55:31 INF] HTTP GET /room/A204 responded 304 in 588.7292 ms 
[10:55:31 INF] HTTP GET /logo_tam-minh-duc.png responded 304 in 0.4648 ms 
[10:56:02 INF] HTTP GET /room/A204 responded 304 in 588.5888 ms 
[10:56:02 INF] HTTP GET /logo_tam-minh-duc.png responded 304 in 0.4755 ms 
[10:56:33 INF] HTTP GET /room/A204 responded 304 in 567.8504 ms 
[10:56:33 INF] HTTP GET /logo_tam-minh-duc.png responded 304 in 0.4293 ms 
[10:57:04 INF] HTTP GET /room/A204 responded 200 in 530.8734 ms 
[10:57:04 INF] HTTP GET /logo_tam-minh-duc.png responded 304 in 0.6363 ms 
[10:57:34 INF] HTTP GET /room/A204 responded 200 in 499.2911 ms 
[10:57:34 INF] HTTP GET /logo_tam-minh-duc.png responded 304 in 0.7042 ms 
[10:58:00 INF] HTTP GET /room/A204 responded 200 in 575.7321 ms 
[10:58:00 INF] HTTP GET /logo_tam-minh-duc.png responded 304 in 0.6497 ms 
[10:58:32 INF] HTTP GET /room/A204 responded 200 in 487.4775 ms 
[10:58:32 INF] HTTP GET /logo_tam-minh-duc.png responded 304 in 0.5072 ms 
[10:58:57 INF] HTTP GET /room/A204 responded 200 in 536.2835 ms 
[10:58:57 INF] HTTP GET /logo_tam-minh-duc.png responded 304 in 0.6579 ms 
[10:59:05 INF] HTTP GET /room/A204 responded 200 in 2.1080 ms 
[10:59:06 INF] HTTP GET /logo_tam-minh-duc.png responded 304 in 0.7241 ms 
[10:59:16 INF] HTTP GET /room/A204 responded 200 in 453.6659 ms 
[10:59:16 INF] HTTP GET /logo_tam-minh-duc.png responded 304 in 0.4209 ms 
[10:59:18 INF] HTTP GET /room/A204 responded 304 in 1.6673 ms 
[10:59:18 INF] HTTP GET /logo_tam-minh-duc.png responded 304 in 0.4660 ms 
[10:59:24 INF] HTTP GET /room/A204 responded 200 in 2.0864 ms 
[10:59:24 INF] HTTP GET /logo_tam-minh-duc.png responded 304 in 0.7011 ms 
[10:59:33 INF] HTTP GET /room/A204 responded 200 in 532.4775 ms 
[10:59:33 INF] HTTP GET /logo_tam-minh-duc.png responded 304 in 0.5860 ms 
[11:00:04 INF] HTTP GET /room/A204 responded 200 in 487.1203 ms 
[11:00:04 INF] HTTP GET /logo_tam-minh-duc.png responded 304 in 0.7297 ms 
[11:01:03 INF] Server running on http://localhost:3000 
