[08:13:26 INF] Server running on http://localhost:3000 
[08:13:28 INF] HTTP GET / responded 200 in 1117.5375 ms 
[08:13:28 INF] HTTP GET /logo_tam-minh-duc.png responded 304 in 2.1520 ms 
[08:13:29 INF] HTTP GET /favicon.ico responded 404 in 2.0957 ms 
[08:13:32 INF] HTTP GET /room/B14 responded 200 in 75.2729 ms 
[08:13:32 INF] HTTP GET /logo_tam-minh-duc.png responded 304 in 0.7771 ms 
[08:17:34 INF] HTTP GET /room/B14 responded 200 in 432.3906 ms 
[08:17:34 INF] HTTP GET /logo_tam-minh-duc.png responded 304 in 0.9047 ms 
[08:17:36 INF] HTTP GET /room/B14 responded 304 in 3.6565 ms 
[08:17:36 INF] HTTP GET /logo_tam-minh-duc.png responded 304 in 1.1120 ms 
[08:17:43 INF] HTTP GET / responded 200 in 1.9892 ms 
[08:17:43 INF] HTTP GET /logo_tam-minh-duc.png responded 304 in 1.1674 ms 
[08:18:44 INF] HTTP GET / responded 200 in 760.7203 ms 
[08:18:44 INF] HTTP GET /logo_tam-minh-duc.png responded 304 in 0.9373 ms 
[08:19:45 INF] HTTP GET / responded 200 in 437.0170 ms 
[08:19:45 INF] HTTP GET /logo_tam-minh-duc.png responded 304 in 0.7430 ms 
[08:20:45 INF] HTTP GET / responded 200 in 367.1348 ms 
[08:20:45 INF] HTTP GET /logo_tam-minh-duc.png responded 304 in 0.6059 ms 
[08:21:46 INF] HTTP GET / responded 200 in 414.7967 ms 
[08:21:46 INF] HTTP GET /logo_tam-minh-duc.png responded 304 in 1.0150 ms 
[08:22:47 INF] HTTP GET / responded 200 in 353.8385 ms 
[08:22:47 INF] HTTP GET /logo_tam-minh-duc.png responded 304 in 1.2516 ms 
[15:37:19 INF] Server running on http://localhost:3000 
[15:37:21 INF] HTTP GET / responded 200 in 660.2764 ms 
[15:37:21 INF] HTTP GET /logo_tam-minh-duc.png responded 304 in 2.1345 ms 
[15:37:21 INF] HTTP GET /favicon.ico responded 404 in 2.6186 ms 
[15:37:23 INF] HTTP GET /room/A204 responded 200 in 26.8347 ms 
[15:37:23 INF] HTTP GET /logo_tam-minh-duc.png responded 304 in 0.6292 ms 
[15:37:27 INF] HTTP GET /room/B14 responded 200 in 3.4453 ms 
[15:37:27 INF] HTTP GET /logo_tam-minh-duc.png responded 304 in 1.0090 ms 
[15:37:30 INF] HTTP GET /room/B14 responded 304 in 2.8228 ms 
[15:37:30 INF] HTTP GET /logo_tam-minh-duc.png responded 304 in 1.2922 ms 
[15:37:32 INF] HTTP GET /room/B14 responded 304 in 523.2132 ms 
[15:37:33 INF] HTTP GET /logo_tam-minh-duc.png responded 304 in 0.6964 ms 
[15:38:04 INF] HTTP GET /room/B14 responded 304 in 517.0020 ms 
[15:38:04 INF] HTTP GET /logo_tam-minh-duc.png responded 304 in 0.5777 ms 
[15:38:18 INF] HTTP GET /room/B21 responded 200 in 491.7950 ms 
[15:38:18 INF] HTTP GET /logo_tam-minh-duc.png responded 304 in 0.4888 ms 
[15:38:38 INF] Server running on http://localhost:3000 
[15:39:32 INF] Server running on http://localhost:3000 
[15:43:34 INF] Server running on http://localhost:3000 
[15:44:04 INF] HTTP GET / responded 200 in 637.0041 ms 
[15:44:04 INF] HTTP GET /logo_tam-minh-duc.png responded 304 in 2.5359 ms 
[15:44:07 INF] HTTP GET /room/B10 responded 200 in 10.1147 ms 
[15:44:07 INF] HTTP GET /logo_tam-minh-duc.png responded 304 in 0.7112 ms 
[15:44:10 INF] HTTP GET /room/B14 responded 200 in 3.7074 ms 
[15:44:10 INF] HTTP GET /logo_tam-minh-duc.png responded 304 in 0.8508 ms 
[15:44:17 INF] HTTP GET /room/B14 responded 304 in 438.3096 ms 
[15:44:17 INF] HTTP GET /logo_tam-minh-duc.png responded 304 in 0.6155 ms 
[15:44:48 INF] HTTP GET /room/B14 responded 304 in 398.6069 ms 
[15:44:48 INF] HTTP GET /logo_tam-minh-duc.png responded 304 in 0.9286 ms 
[15:45:19 INF] HTTP GET /room/B14 responded 304 in 425.4051 ms 
[15:45:19 INF] HTTP GET /logo_tam-minh-duc.png responded 304 in 0.9395 ms 
[15:45:50 INF] HTTP GET /room/B14 responded 304 in 534.6680 ms 
[15:45:50 INF] HTTP GET /logo_tam-minh-duc.png responded 304 in 0.9966 ms 
[15:46:21 INF] HTTP GET /room/B14 responded 304 in 436.3089 ms 
[15:46:21 INF] HTTP GET /logo_tam-minh-duc.png responded 304 in 1.4133 ms 
[15:46:52 INF] HTTP GET /room/B14 responded 304 in 410.0401 ms 
[15:46:52 INF] HTTP GET /logo_tam-minh-duc.png responded 304 in 1.1590 ms 
[15:47:23 INF] HTTP GET /room/B14 responded 304 in 446.4533 ms 
[15:47:23 INF] HTTP GET /logo_tam-minh-duc.png responded 304 in 0.6350 ms 
[15:47:54 INF] HTTP GET /room/B14 responded 304 in 416.5453 ms 
[15:47:54 INF] HTTP GET /logo_tam-minh-duc.png responded 304 in 1.0089 ms 
[15:48:25 INF] HTTP GET /room/B14 responded 304 in 455.1074 ms 
[15:48:25 INF] HTTP GET /logo_tam-minh-duc.png responded 304 in 0.7047 ms 
[15:48:56 INF] HTTP GET /room/B14 responded 304 in 411.4176 ms 
[15:48:56 INF] HTTP GET /logo_tam-minh-duc.png responded 304 in 0.7088 ms 
[15:49:27 INF] HTTP GET /room/B14 responded 304 in 507.7588 ms 
[15:49:27 INF] HTTP GET /logo_tam-minh-duc.png responded 304 in 0.9491 ms 
[15:49:58 INF] HTTP GET /room/B14 responded 200 in 490.6822 ms 
[15:49:58 INF] HTTP GET /logo_tam-minh-duc.png responded 304 in 1.2274 ms 
[15:50:29 INF] HTTP GET /room/B14 responded 304 in 416.3340 ms 
[15:50:29 INF] HTTP GET /logo_tam-minh-duc.png responded 304 in 0.8909 ms 
[15:51:00 INF] HTTP GET /room/B14 responded 304 in 409.2213 ms 
[15:51:00 INF] HTTP GET /logo_tam-minh-duc.png responded 304 in 1.0458 ms 
[15:51:31 INF] HTTP GET /room/B14 responded 304 in 543.6759 ms 
[15:51:31 INF] HTTP GET /logo_tam-minh-duc.png responded 304 in 0.9675 ms 
[15:52:02 INF] HTTP GET /room/B14 responded 200 in 482.0674 ms 
[15:52:02 INF] HTTP GET /logo_tam-minh-duc.png responded 304 in 0.6591 ms 
[15:52:33 INF] HTTP GET /room/B14 responded 304 in 420.8836 ms 
[15:52:33 INF] HTTP GET /logo_tam-minh-duc.png responded 304 in 0.7030 ms 
[15:53:04 INF] HTTP GET /room/B14 responded 304 in 547.2441 ms 
[15:53:04 INF] HTTP GET /logo_tam-minh-duc.png responded 304 in 1.2665 ms 
[15:53:35 INF] HTTP GET /room/B14 responded 304 in 483.7685 ms 
[15:53:35 INF] HTTP GET /logo_tam-minh-duc.png responded 304 in 0.4820 ms 
[15:54:06 INF] HTTP GET /room/B14 responded 304 in 521.4219 ms 
[15:54:06 INF] HTTP GET /logo_tam-minh-duc.png responded 304 in 0.5586 ms 
[15:54:37 INF] HTTP GET /room/B14 responded 304 in 584.8141 ms 
[15:54:37 INF] HTTP GET /logo_tam-minh-duc.png responded 304 in 0.4970 ms 
[15:55:08 INF] HTTP GET /room/B14 responded 304 in 487.9319 ms 
[15:55:08 INF] HTTP GET /logo_tam-minh-duc.png responded 304 in 0.6717 ms 
[15:55:39 INF] HTTP GET /room/B14 responded 304 in 468.8744 ms 
[15:55:39 INF] HTTP GET /logo_tam-minh-duc.png responded 304 in 1.6812 ms 
[15:56:10 INF] HTTP GET /room/B14 responded 304 in 407.7546 ms 
[15:56:10 INF] HTTP GET /logo_tam-minh-duc.png responded 304 in 1.0683 ms 
[15:56:41 INF] HTTP GET /room/B14 responded 304 in 498.3409 ms 
[15:56:41 INF] HTTP GET /logo_tam-minh-duc.png responded 304 in 0.7244 ms 
[15:57:12 INF] HTTP GET /room/B14 responded 304 in 457.0251 ms 
[15:57:12 INF] HTTP GET /logo_tam-minh-duc.png responded 304 in 0.8591 ms 
[15:57:43 INF] HTTP GET /room/B14 responded 304 in 434.9865 ms 
[15:57:43 INF] HTTP GET /logo_tam-minh-duc.png responded 304 in 0.7723 ms 
[15:58:14 INF] HTTP GET /room/B14 responded 200 in 406.3350 ms 
[15:58:14 INF] HTTP GET /logo_tam-minh-duc.png responded 304 in 0.8350 ms 
[15:58:45 INF] HTTP GET /room/B14 responded 304 in 393.9204 ms 
[15:58:45 INF] HTTP GET /logo_tam-minh-duc.png responded 304 in 0.7101 ms 
[15:59:16 INF] HTTP GET /room/B14 responded 304 in 456.8699 ms 
[15:59:16 INF] HTTP GET /logo_tam-minh-duc.png responded 304 in 0.5663 ms 
[15:59:47 INF] HTTP GET /room/B14 responded 304 in 635.4359 ms 
[15:59:47 INF] HTTP GET /logo_tam-minh-duc.png responded 304 in 0.6168 ms 
[16:00:18 INF] HTTP GET /room/B14 responded 200 in 450.7121 ms 
[16:00:18 INF] HTTP GET /logo_tam-minh-duc.png responded 304 in 0.6344 ms 
[16:00:49 INF] HTTP GET /room/B14 responded 304 in 554.2924 ms 
[16:00:49 INF] HTTP GET /logo_tam-minh-duc.png responded 304 in 0.4782 ms 
[16:01:20 INF] HTTP GET /room/B14 responded 304 in 568.9205 ms 
[16:01:20 INF] HTTP GET /logo_tam-minh-duc.png responded 304 in 0.7537 ms 
[16:01:51 INF] HTTP GET /room/B14 responded 304 in 458.3338 ms 
[16:01:51 INF] HTTP GET /logo_tam-minh-duc.png responded 304 in 0.6176 ms 
[16:02:22 INF] HTTP GET /room/B14 responded 304 in 462.1470 ms 
[16:02:22 INF] HTTP GET /logo_tam-minh-duc.png responded 304 in 0.6138 ms 
[16:02:53 INF] HTTP GET /room/B14 responded 304 in 486.9349 ms 
[16:02:53 INF] HTTP GET /logo_tam-minh-duc.png responded 304 in 0.7908 ms 
[16:03:24 INF] HTTP GET /room/B14 responded 304 in 449.2217 ms 
[16:03:24 INF] HTTP GET /logo_tam-minh-duc.png responded 304 in 0.7315 ms 
[16:03:55 INF] HTTP GET /room/B14 responded 304 in 584.7608 ms 
[16:03:55 INF] HTTP GET /logo_tam-minh-duc.png responded 304 in 0.6348 ms 
[16:04:26 INF] HTTP GET /room/B14 responded 304 in 493.5716 ms 
[16:04:26 INF] HTTP GET /logo_tam-minh-duc.png responded 304 in 0.8975 ms 
[16:04:57 INF] HTTP GET /room/B14 responded 304 in 510.9461 ms 
[16:04:57 INF] HTTP GET /logo_tam-minh-duc.png responded 304 in 1.2910 ms 
[16:05:28 INF] HTTP GET /room/B14 responded 304 in 584.6969 ms 
[16:05:28 INF] HTTP GET /logo_tam-minh-duc.png responded 304 in 0.6154 ms 
