[08:54:12 INF] Server running on http://localhost:3000 
[08:54:15 INF] HTTP GET / responded 200 in 770.6016 ms 
[08:54:15 INF] HTTP GET /logo_tam-minh-duc.png responded 200 in 3.3355 ms 
[08:54:15 INF] HTTP GET /favicon.ico responded 404 in 1.9246 ms 
[08:54:19 INF] HTTP GET /room/A1 responded 200 in 547.4536 ms 
[08:54:19 INF] HTTP GET /logo_tam-minh-duc.png responded 304 in 1.8450 ms 
[08:54:19 INF] HTTP GET /js/displayBoard.js responded 200 in 4.1420 ms 
[08:54:22 INF] HTTP GET /room/B14 responded 200 in 734.4863 ms 
[08:54:22 INF] HTTP GET /logo_tam-minh-duc.png responded 304 in 1.3035 ms 
[08:54:22 INF] HTTP GET /js/displayBoard.js responded 304 in 1.9289 ms 
[08:54:26 INF] HTTP GET /room/B17 responded 200 in 649.9617 ms 
[08:54:26 INF] HTTP GET /logo_tam-minh-duc.png responded 304 in 0.5263 ms 
[08:54:26 INF] HTTP GET /js/displayBoard.js responded 304 in 0.6021 ms 
[08:54:54 INF] HTTP GET /logo_tam-minh-duc.png responded 304 in 0.4419 ms 
[08:54:55 INF] HTTP POST /tts responded 200 in 455.8994 ms 
[08:54:57 INF] HTTP GET /room/B17 responded 304 in 603.1920 ms 
[08:54:57 INF] HTTP GET /logo_tam-minh-duc.png responded 304 in 0.6509 ms 
[08:54:57 INF] HTTP GET /js/displayBoard.js responded 304 in 0.6201 ms 
[08:54:57 INF] HTTP GET /logo_tam-minh-duc.png responded 304 in 0.4429 ms 
[08:55:24 INF] Server running on http://localhost:3000 
[08:55:28 INF] HTTP GET /room/B17 responded 200 in 550.4067 ms 
[08:55:28 INF] HTTP GET /logo_tam-minh-duc.png responded 304 in 2.2392 ms 
[08:55:28 INF] HTTP GET /js/displayBoard.js responded 200 in 4.8630 ms 
[08:55:28 INF] HTTP GET /logo_tam-minh-duc.png responded 304 in 0.8212 ms 
[08:55:59 INF] HTTP GET /room/B17 responded 200 in 576.2579 ms 
[08:55:59 INF] HTTP GET /logo_tam-minh-duc.png responded 304 in 0.9231 ms 
[08:55:59 INF] HTTP GET /js/displayBoard.js responded 304 in 0.9167 ms 
[08:55:59 INF] HTTP GET /logo_tam-minh-duc.png responded 304 in 0.6315 ms 
[08:56:30 INF] HTTP GET /room/B17 responded 304 in 559.4565 ms 
[08:56:30 INF] HTTP GET /logo_tam-minh-duc.png responded 304 in 1.3474 ms 
[08:56:30 INF] HTTP GET /js/displayBoard.js responded 304 in 2.1642 ms 
[08:56:30 INF] HTTP GET /logo_tam-minh-duc.png responded 304 in 0.7288 ms 
[08:57:01 INF] HTTP GET /room/B17 responded 304 in 754.0640 ms 
[08:57:01 INF] HTTP GET /logo_tam-minh-duc.png responded 304 in 3.1477 ms 
[08:57:01 INF] HTTP GET /js/displayBoard.js responded 304 in 0.7466 ms 
[08:57:01 INF] HTTP GET /logo_tam-minh-duc.png responded 304 in 0.8580 ms 
[08:57:32 INF] HTTP GET /room/B17 responded 304 in 781.4805 ms 
[08:57:32 INF] HTTP GET /logo_tam-minh-duc.png responded 304 in 0.7074 ms 
[08:57:32 INF] HTTP GET /js/displayBoard.js responded 304 in 0.9657 ms 
[08:57:32 INF] HTTP GET /logo_tam-minh-duc.png responded 304 in 0.7676 ms 
[08:58:02 INF] HTTP GET /room/B24 responded 200 in 714.0681 ms 
[08:58:02 INF] HTTP GET /logo_tam-minh-duc.png responded 304 in 1.6986 ms 
[08:58:02 INF] HTTP GET /js/displayBoard.js responded 304 in 0.8076 ms 
[08:58:04 INF] HTTP POST /tts responded 200 in 345.3952 ms 
[08:58:04 INF] HTTP GET /logo_tam-minh-duc.png responded 304 in 0.5733 ms 
[08:58:32 INF] HTTP GET /room/B24 responded 304 in 761.6317 ms 
[08:58:32 INF] HTTP GET /logo_tam-minh-duc.png responded 304 in 0.6278 ms 
[08:58:32 INF] HTTP GET /js/displayBoard.js responded 304 in 0.8300 ms 
[08:58:33 INF] HTTP GET /logo_tam-minh-duc.png responded 304 in 0.4656 ms 
[08:59:03 INF] HTTP GET /room/B24 responded 200 in 675.5076 ms 
[08:59:03 INF] HTTP GET /logo_tam-minh-duc.png responded 304 in 0.7254 ms 
[08:59:03 INF] HTTP GET /js/displayBoard.js responded 304 in 0.8686 ms 
[08:59:03 INF] HTTP GET /logo_tam-minh-duc.png responded 304 in 0.5108 ms 
[08:59:05 INF] HTTP POST /tts responded 200 in 538.3674 ms 
[08:59:05 INF] HTTP GET /logo_tam-minh-duc.png responded 304 in 0.4359 ms 
[08:59:34 INF] HTTP GET /room/B24 responded 200 in 574.7431 ms 
[08:59:34 INF] HTTP GET /logo_tam-minh-duc.png responded 304 in 0.9993 ms 
[08:59:34 INF] HTTP GET /js/displayBoard.js responded 304 in 1.8102 ms 
[08:59:34 INF] HTTP GET /logo_tam-minh-duc.png responded 304 in 1.0038 ms 
[08:59:36 INF] HTTP POST /tts responded 200 in 402.8377 ms 
[08:59:36 INF] HTTP GET /logo_tam-minh-duc.png responded 304 in 0.4867 ms 
