[08:40:28 INF] Server running on http://localhost:3000 
[08:40:46 INF] Server running on http://localhost:3000 
[08:41:14 INF] Server running on http://localhost:3000 
[08:41:22 INF] Server running on http://localhost:3000 
[08:41:26 INF] Server running on http://localhost:3000 
[08:41:27 INF] Server running on http://localhost:3000 
[08:41:44 INF] Server running on http://localhost:3000 
[08:41:45 INF] HTTP GET /_next/webpack-hmr?id=LH4PBNfZyJBiire4QNgcq responded 404 in 4.7247 ms 
[08:41:46 INF] HTTP GET / responded 200 in 765.7477 ms 
[08:41:46 INF] HTTP GET /logo_tam-minh-duc.png responded 304 in 2.0715 ms 
[08:41:46 INF] HTTP GET /favicon.ico responded 404 in 1.0571 ms 
[08:41:47 INF] HTTP GET /_next/webpack-hmr?id=LH4PBNfZyJBiire4QNgcq responded 404 in 0.7942 ms 
[08:41:49 INF] HTTP GET /room/B14 responded 200 in 252.8255 ms 
[08:41:49 INF] HTTP GET /_next/webpack-hmr?id=LH4PBNfZyJBiire4QNgcq responded 404 in 0.9547 ms 
[08:41:49 INF] HTTP GET /logo_tam-minh-duc.png responded 304 in 0.6450 ms 
[08:41:51 INF] HTTP GET /room/B14 responded 304 in 302.2259 ms 
[08:41:51 INF] HTTP GET /logo_tam-minh-duc.png responded 304 in 1.2376 ms 
[08:41:54 INF] HTTP GET /room/B14 responded 304 in 259.0999 ms 
[08:41:54 INF] HTTP GET /logo_tam-minh-duc.png responded 304 in 0.8584 ms 
[08:41:55 INF] HTTP GET /_next/webpack-hmr?id=LH4PBNfZyJBiire4QNgcq responded 404 in 0.7530 ms 
[08:41:57 INF] HTTP GET /room/B18 responded 200 in 808.7806 ms 
[08:41:57 INF] HTTP GET /logo_tam-minh-duc.png responded 304 in 0.9883 ms 
[08:42:01 INF] HTTP GET /_next/webpack-hmr?id=LH4PBNfZyJBiire4QNgcq responded 404 in 0.8014 ms 
[08:42:07 INF] HTTP GET /_next/webpack-hmr?id=LH4PBNfZyJBiire4QNgcq responded 404 in 0.5443 ms 
[08:42:13 INF] HTTP GET /_next/webpack-hmr?id=LH4PBNfZyJBiire4QNgcq responded 404 in 0.6187 ms 
[08:42:19 INF] HTTP GET /_next/webpack-hmr?id=LH4PBNfZyJBiire4QNgcq responded 404 in 1.9277 ms 
[08:42:22 INF] Server running on http://localhost:3000 
[08:42:25 INF] Server running on http://localhost:3000 
[08:42:25 INF] HTTP GET /_next/webpack-hmr?id=LH4PBNfZyJBiire4QNgcq responded 404 in 3.6124 ms 
[08:42:26 INF] Server running on http://localhost:3000 
[08:42:27 INF] Server running on http://localhost:3000 
[08:42:31 INF] HTTP GET /_next/webpack-hmr?id=LH4PBNfZyJBiire4QNgcq responded 404 in 3.8190 ms 
[08:42:31 INF] HTTP GET /goi-kham responded 404 in 0.9468 ms 
[08:42:32 INF] Server running on http://localhost:3000 
[08:42:45 INF] Server running on http://localhost:3000 
[10:58:04 INF] Server running on http://localhost:3000 
[10:58:04 INF] HTTP GET /_next/webpack-hmr?id=6fjI-YAVsL7Mz020sdj_Q responded 404 in 5.5188 ms 
[10:58:11 INF] HTTP GET / responded 200 in 4.2146 ms 
[10:58:11 INF] HTTP GET /logo_tam-minh-duc.png responded 304 in 1.8311 ms 
[10:58:11 INF] HTTP GET /favicon.ico responded 404 in 1.7198 ms 
[10:58:14 INF] HTTP GET /room/A205 responded 500 in 2.1610 ms 
[10:58:16 INF] HTTP GET /room/A205 responded 500 in 444.6350 ms 
[11:00:20 INF] Server running on http://localhost:3000 
[11:00:30 INF] HTTP GET /room/A205 responded 200 in 545.0922 ms 
[11:00:30 INF] HTTP GET /logo_tam-minh-duc.png responded 304 in 2.0798 ms 
[11:00:33 INF] HTTP GET /room/A1 responded 200 in 2.0752 ms 
[11:00:33 INF] HTTP GET /logo_tam-minh-duc.png responded 304 in 0.6996 ms 
[11:00:36 INF] HTTP GET /room/B14 responded 200 in 2.7273 ms 
[11:00:36 INF] HTTP GET /logo_tam-minh-duc.png responded 304 in 0.6996 ms 
[11:00:40 INF] HTTP GET /room/B26B responded 200 in 1.6980 ms 
[11:00:40 INF] HTTP GET /logo_tam-minh-duc.png responded 304 in 0.6571 ms 
[11:00:42 INF] HTTP GET /room/B3 responded 200 in 383.7675 ms 
[11:00:42 INF] HTTP GET /logo_tam-minh-duc.png responded 304 in 0.7265 ms 
[11:00:44 INF] HTTP GET /room/B9 responded 200 in 1.5825 ms 
[11:00:44 INF] HTTP GET /logo_tam-minh-duc.png responded 304 in 0.6953 ms 
[13:18:34 INF] Server running on http://localhost:3000 
[13:18:36 INF] HTTP GET / responded 200 in 595.8210 ms 
[13:18:36 INF] HTTP GET /logo_tam-minh-duc.png responded 304 in 1.5683 ms 
[13:18:37 INF] HTTP GET /favicon.ico responded 404 in 1.6192 ms 
[13:18:52 INF] HTTP GET /room/B23 responded 200 in 499.5997 ms 
[13:18:52 INF] HTTP GET /logo_tam-minh-duc.png responded 304 in 0.8991 ms 
[13:18:55 INF] HTTP GET /room/B26 responded 200 in 2.1608 ms 
[13:18:55 INF] HTTP GET /logo_tam-minh-duc.png responded 304 in 0.9981 ms 
[13:18:58 INF] HTTP GET /room/B26B responded 200 in 2.2029 ms 
[13:18:58 INF] HTTP GET /logo_tam-minh-duc.png responded 304 in 1.3303 ms 
[13:19:29 INF] HTTP GET /room/B26B responded 304 in 422.4943 ms 
[13:19:29 INF] HTTP GET /logo_tam-minh-duc.png responded 304 in 0.9292 ms 
[13:20:00 INF] HTTP GET /room/B26B responded 200 in 509.8518 ms 
[13:20:00 INF] HTTP GET /logo_tam-minh-duc.png responded 304 in 0.9363 ms 
[13:20:15 INF] Server running on http://localhost:3000 
[13:20:16 INF] Server running on http://localhost:3000 
[13:20:31 INF] HTTP GET /room/B26B responded 304 in 537.4881 ms 
[13:20:31 INF] HTTP GET /logo_tam-minh-duc.png responded 304 in 1.5762 ms 
[13:20:39 INF] HTTP GET /room/B26B responded 200 in 2.7048 ms 
[13:20:39 INF] HTTP GET /logo_tam-minh-duc.png responded 304 in 0.7187 ms 
[13:20:43 INF] HTTP GET /room/B24 responded 200 in 376.4865 ms 
[13:20:43 INF] HTTP GET /logo_tam-minh-duc.png responded 304 in 0.6759 ms 
[13:21:16 INF] HTTP GET /room/B23 responded 200 in 446.6659 ms 
[13:21:16 INF] HTTP GET /logo_tam-minh-duc.png responded 304 in 1.4939 ms 
[13:21:18 INF] HTTP GET /room/B24 responded 304 in 2.5259 ms 
[13:21:18 INF] HTTP GET /logo_tam-minh-duc.png responded 304 in 1.1465 ms 
[13:21:25 INF] HTTP GET / responded 200 in 2.1950 ms 
[13:21:25 INF] HTTP GET /logo_tam-minh-duc.png responded 304 in 0.8104 ms 
[13:21:29 INF] HTTP GET /room/B21 responded 200 in 518.2357 ms 
[13:21:29 INF] HTTP GET /logo_tam-minh-duc.png responded 304 in 0.8498 ms 
[13:21:55 INF] HTTP GET /room/B23 responded 304 in 586.1786 ms 
[13:21:55 INF] HTTP GET /logo_tam-minh-duc.png responded 304 in 0.8106 ms 
[13:21:58 INF] HTTP GET /room/B24 responded 200 in 3.5088 ms 
[13:21:58 INF] HTTP GET /logo_tam-minh-duc.png responded 304 in 0.6385 ms 
